Running tests ...
[1A[KRunning 7 tests in 1 runtime ...
[1A[K[1m[32m7 tests, 13 assertions, 1 runtime ... OK[0m
